Microchip MPLAB XC8 Compiler V1.42 ()

Linker command line:

-W-3 --edf=C:\Program Files (x86)\Microchip\xc8\v1.42\dat\en_msgs.txt -cs \
  -h+dist/default/production\SerialCommunication.X.production.sym \
  --cmf=dist/default/production\SerialCommunication.X.production.cmf -z \
  -Q16F628A -oC:\Users\Marcos\AppData\Local\Temp\s5ak.2 \
  -Mdist/default/production/SerialCommunication.X.production.map -E1 \
  -ver=XC8 -ASTACK=0A0h-0efh -pstack=STACK -ACODE=00h-07FFh \
  -ASTRCODE=00h-07FFh -ASTRING=00h-0FFhx8 -ACONST=00h-0FFhx8 \
  -AENTRY=00h-0FFhx8 -ACOMMON=070h-07Fh -ABANK0=020h-06Fh -ABANK1=0A0h-0EFh \
  -ABANK2=0120h-014Fh -ARAM=020h-06Fh,0A0h-0EFh,0120h-014Fh \
  -AABS1=020h-07Fh,0A0h-0EFh,0120h-014Fh -ASFR0=00h-01Fh -ASFR1=080h-09Fh \
  -ASFR2=0100h-011Fh -ASFR3=0180h-01EFh \
  -preset_vec=00h,intentry=04h,init,end_init -ppowerup=CODE -pcinit=CODE \
  -pfunctab=CODE -ACONFIG=02007h-02007h -pconfig=CONFIG -DCONFIG=2 \
  -AIDLOC=02000h-02003h -pidloc=IDLOC -DIDLOC=2 -AEEDATA=00h-07Fh/02100h \
  -peeprom_data=EEDATA -DEEDATA=2 -DCODE=2 -DSTRCODE=2 -DSTRING=2 -DCONST=2 \
  -DENTRY=2 -k C:\Users\Marcos\AppData\Local\Temp\s5ak.obj \
  dist/default/production\SerialCommunication.X.production.obj 

Object code version is 3.11

Machine type is 16F628A



                Name                               Link     Load   Length Selector   Space Scale
C:\Users\Marcos\AppData\Local\Temp\s5ak.obj
                end_init                             10       10        1        8       0
                reset_vec                             0        0        1        0       0
                config                             2007     2007        1     400E       0
dist/default/production\SerialCommunication.X.production.obj
                cinit                                11       11        2        8       0
                intentry                              4        4        C        8       0
                text5                                81       81       13       DA       0
                text4                                94       94        A       DA       0
                text3                                40       40       17        8       0
                text2                                6D       6D       14       DA       0
                text1                                13       13       2D        8       0
                maintext                             9E       9E        4       DA       0
                cstackBANK0                          20       20        3       20       1
                cstackCOMMON                         70       70        7       70       1
                strings                              57       57       16       AE       0

TOTAL           Name                               Link     Load   Length     Space
        CLASS   STACK          

        CLASS   CODE           
                end_init                             10       10        1         0
                cinit                                11       11        2         0
                intentry                              4        4        C         0
                reset_vec                             0        0        1         0
                text5                                81       81       13         0
                text4                                94       94        A         0
                text3                                40       40       17         0
                text2                                6D       6D       14         0
                text1                                13       13       2D         0
                maintext                             9E       9E        4         0

        CLASS   STRCODE        

        CLASS   STRING         
                strings                              57       57       16         0

        CLASS   CONST          

        CLASS   ENTRY          

        CLASS   COMMON         
                cstackCOMMON                         70       70        7         1

        CLASS   BANK0          
                cstackBANK0                          20       20        3         1

        CLASS   BANK1          

        CLASS   BANK2          

        CLASS   RAM            

        CLASS   ABS1           
                abs_s1                               7E       7E        2         1

        CLASS   SFR0           

        CLASS   SFR1           

        CLASS   SFR2           

        CLASS   SFR3           

        CLASS   CONFIG         
                config                             2007     2007        1         0

        CLASS   IDLOC          

        CLASS   EEDATA         

        CLASS   BANK3          



SEGMENTS        Name                           Load    Length   Top    Selector   Space  Class     Delta

                reset_vec                      000000  000001  000001         0       0  CODE        2
                intentry                       000004  000053  000057         8       0  CODE        2
                cstackBANK0                    000020  000003  000023        20       1  BANK0       1
                cstackCOMMON                   000070  000007  000077        70       1  COMMON      1
                strings                        000057  000016  00006D        AE       0  STRING      2
                text2                          00006D  000035  0000A2        DA       0  CODE        2
                config                         002007  000001  002008      400E       0  CONFIG      2


UNUSED ADDRESS RANGES

        Name                Unused          Largest block    Delta
        BANK0            0023-006F             4D           1
        BANK1            00A0-00EF             50           1
        BANK2            0120-014F             30           1
        CODE             0001-0003              3           2
                         00A2-07FF            75E
        COMMON           0077-007D              7           1
        CONST            0001-0003              3           2
                         00A2-07FF            100
        EEDATA           2100-217F             80           2
        ENTRY            0001-0003              3           2
                         00A2-07FF            100
        IDLOC            2000-2003              4           2
        RAM              0023-006F             4D           1
                         00A0-00EF             50
                         0120-014F             30
        SFR0             0000-001F             20           1
        SFR1             0080-009F             20           1
        SFR2             0100-011F             20           1
        SFR3             0180-01EF             70           1
        STACK            00A0-00EF             50           1
        STRCODE          0001-0003              3           2
                         00A2-07FF            75E
        STRING           0001-0003              3           2
                         00A2-07FF            100

                                  Symbol Table

Interrupt@receive        cstackCOMMON 0076
SerialRead@receive       cstackCOMMON 0071
_GIE                     (abs)        005F
_INTCONbits              (abs)        000B
_Interrupt               text3        0040
_PIE1bits                (abs)        008C
_PIR1bits                (abs)        000C
_RCREG                   (abs)        001A
_RCSTAbits               (abs)        0018
_SPBRG                   (abs)        0099
_SerialBegin             text2        006D
_SerialRead              text5        0081
_TRISBbits               (abs)        0086
_TXREG                   (abs)        0019
_TXSTAbits               (abs)        0098
__CFG_BOREN$ON           (abs)        0000
__CFG_CP$OFF             (abs)        0000
__CFG_CPD$OFF            (abs)        0000
__CFG_FOSC$HS            (abs)        0000
__CFG_LVP$OFF            (abs)        0000
__CFG_MCLRE$ON           (abs)        0000
__CFG_PWRTE$ON           (abs)        0000
__CFG_WDTE$OFF           (abs)        0000
__Habs1                  abs1         0000
__Hbank0                 bank0        0000
__Hbank1                 bank1        0000
__Hbank2                 bank2        0000
__Hbank3                 bank3        0000
__Hcinit                 cinit        0013
__Hclrtext               clrtext      0000
__Hcode                  code         0000
__Hcommon                common       0000
__Hconfig                config       2008
__HcstackBANK0           cstackBANK0  0000
__HcstackCOMMON          cstackCOMMON 0000
__Heeprom_data           eeprom_data  0000
__Hend_init              end_init     0011
__Hfunctab               functab      0000
__Hidloc                 idloc        0000
__Hinit                  init         0010
__Hintentry              intentry     0010
__Hmaintext              maintext     0000
__Hpowerup               powerup      0000
__Hram                   ram          0000
__Hreset_vec             reset_vec    0001
__Hsfr0                  sfr0         0000
__Hsfr1                  sfr1         0000
__Hsfr2                  sfr2         0000
__Hsfr3                  sfr3         0000
__Hspace_0               (abs)        2008
__Hspace_1               (abs)        0077
__Hspace_2               (abs)        0000
__Hspace_3               (abs)        0000
__Hstack                 stack        0000
__Hstrings               strings      0000
__Htext                  text         0000
__Labs1                  abs1         0000
__Lbank0                 bank0        0000
__Lbank1                 bank1        0000
__Lbank2                 bank2        0000
__Lbank3                 bank3        0000
__Lcinit                 cinit        0011
__Lclrtext               clrtext      0000
__Lcode                  code         0000
__Lcommon                common       0000
__Lconfig                config       2007
__LcstackBANK0           cstackBANK0  0000
__LcstackCOMMON          cstackCOMMON 0000
__Leeprom_data           eeprom_data  0000
__Lend_init              end_init     0010
__Lfunctab               functab      0000
__Lidloc                 idloc        0000
__Linit                  init         0010
__Lintentry              intentry     0004
__Lmaintext              maintext     0000
__Lpowerup               powerup      0000
__Lram                   ram          0000
__Lreset_vec             reset_vec    0000
__Lsfr0                  sfr0         0000
__Lsfr1                  sfr1         0000
__Lsfr2                  sfr2         0000
__Lsfr3                  sfr3         0000
__Lspace_0               (abs)        0000
__Lspace_1               (abs)        0000
__Lspace_2               (abs)        0000
__Lspace_3               (abs)        0000
__Lstack                 stack        0000
__Lstrings               strings      0000
__Ltext                  text         0000
__S0                     (abs)        2008
__S1                     (abs)        0077
__S2                     (abs)        0000
__S3                     (abs)        0000
___int_sp                stack        0000
___latbits               (abs)        0000
___sp                    stack        0000
__end_of_Interrupt       text3        0057
__end_of_SerialBegin     text2        0081
__end_of_SerialRead      text5        0094
__end_of__initialization cinit        0011
__end_of__stringtab      strings      005D
__end_of_main            maintext     00A2
__end_of_print_char      text4        009E
__end_of_println_string  text1        0040
__initialization         cinit        0011
__pcstackBANK0           cstackBANK0  0020
__pcstackCOMMON          cstackCOMMON 0070
__pintentry              intentry     0004
__pmaintext              maintext     009E
__pstrings               strings      0057
__ptext1                 text1        0013
__ptext2                 text2        006D
__ptext3                 text3        0040
__ptext4                 text4        0094
__ptext5                 text5        0081
__size_of_Interrupt      (abs)        0000
__size_of_SerialBegin    (abs)        0000
__size_of_SerialRead     (abs)        0000
__size_of_main           (abs)        0000
__size_of_print_char     (abs)        0000
__size_of_println_string (abs)        0000
__stringbase             strings      005C
__stringtab              strings      0057
_main                    maintext     009E
_print_char              text4        0094
_println_string          text1        0013
btemp                    (abs)        007E
end_of_initialization    cinit        0011
interrupt_function       intentry     0004
intlevel0                functab      0000
intlevel1                functab      0000
intlevel2                functab      0000
intlevel3                functab      0000
intlevel4                functab      0000
intlevel5                functab      0000
print_char@word          cstackCOMMON 0070
println_string@i         cstackBANK0  0020
println_string@word      cstackBANK0  0022
reset_vec                reset_vec    0000
saved_w                  (abs)        007E
stackhi                  (abs)        0000
stacklo                  (abs)        0000
start                    init         0010
start_initialization     cinit        0011
wtemp0                   (abs)        007E


FUNCTION INFORMATION:

 *************** function _main *****************
 Defined at:
		line 13 in file "main.c"
 Parameters:    Size  Location     Type
		None
 Auto vars:     Size  Location     Type
		None
 Return value:  Size  Location     Type
                  1    wreg      void 
 Registers used:
		wreg, fsr0l, fsr0h, status,2, status,0, pclath, cstack
 Tracked objects:
		On entry : 
		On exit  : 
		Unchanged: 
 Data sizes:     COMMON   BANK0   BANK1   BANK2
      Params:         0       0       0       0
      Locals:         0       0       0       0
      Temps:          0       0       0       0
      Totals:         0       0       0       0
Total ram usage:        0 bytes
 Hardware stack levels required when called:    3
 This function calls:
		_SerialBegin
		_println_string
 This function is called by:
		Startup code after reset
 This function uses a non-reentrant model


 *************** function _println_string *****************
 Defined at:
		line 43 in file "Serial.c"
 Parameters:    Size  Location     Type
  word            1    wreg     PTR unsigned char 
		 -> STR_1(16), 
 Auto vars:     Size  Location     Type
  word            1    2[BANK0 ] PTR unsigned char 
		 -> STR_1(16), 
  i               2    0[BANK0 ] int 
 Return value:  Size  Location     Type
                  1    wreg      void 
 Registers used:
		wreg, fsr0l, fsr0h, status,2, status,0, pclath
 Tracked objects:
		On entry : 
		On exit  : 
		Unchanged: 
 Data sizes:     COMMON   BANK0   BANK1   BANK2
      Params:         0       0       0       0
      Locals:         0       3       0       0
      Temps:          0       0       0       0
      Totals:         0       3       0       0
Total ram usage:        3 bytes
 Hardware stack levels used:    1
 Hardware stack levels required when called:    2
 This function calls:
		Nothing
 This function is called by:
		_main
 This function uses a non-reentrant model


 *************** function _SerialBegin *****************
 Defined at:
		line 14 in file "Serial.c"
 Parameters:    Size  Location     Type
		None
 Auto vars:     Size  Location     Type
		None
 Return value:  Size  Location     Type
                  1    wreg      void 
 Registers used:
		wreg
 Tracked objects:
		On entry : 
		On exit  : 
		Unchanged: 
 Data sizes:     COMMON   BANK0   BANK1   BANK2
      Params:         0       0       0       0
      Locals:         0       0       0       0
      Temps:          0       0       0       0
      Totals:         0       0       0       0
Total ram usage:        0 bytes
 Hardware stack levels used:    1
 Hardware stack levels required when called:    2
 This function calls:
		Nothing
 This function is called by:
		_main
 This function uses a non-reentrant model


 *************** function _Interrupt *****************
 Defined at:
		line 27 in file "main.c"
 Parameters:    Size  Location     Type
		None
 Auto vars:     Size  Location     Type
  receive         1    6[COMMON] unsigned char 
 Return value:  Size  Location     Type
                  1    wreg      void 
 Registers used:
		wreg, fsr0l, fsr0h, status,2, status,0, pclath, cstack
 Tracked objects:
		On entry : 
		On exit  : 
		Unchanged: 
 Data sizes:     COMMON   BANK0   BANK1   BANK2
      Params:         0       0       0       0
      Locals:         1       0       0       0
      Temps:          4       0       0       0
      Totals:         5       0       0       0
Total ram usage:        5 bytes
 Hardware stack levels used:    1
 Hardware stack levels required when called:    1
 This function calls:
		_SerialRead
		_print_char
 This function is called by:
		Interrupt level 1
 This function uses a non-reentrant model


 *************** function _print_char *****************
 Defined at:
		line 54 in file "Serial.c"
 Parameters:    Size  Location     Type
  word            1    wreg     unsigned char 
 Auto vars:     Size  Location     Type
  word            1    0[COMMON] unsigned char 
 Return value:  Size  Location     Type
                  1    wreg      void 
 Registers used:
		wreg
 Tracked objects:
		On entry : 
		On exit  : 
		Unchanged: 
 Data sizes:     COMMON   BANK0   BANK1   BANK2
      Params:         0       0       0       0
      Locals:         1       0       0       0
      Temps:          0       0       0       0
      Totals:         1       0       0       0
Total ram usage:        1 bytes
 Hardware stack levels used:    1
 This function calls:
		Nothing
 This function is called by:
		_Interrupt
 This function uses a non-reentrant model


 *************** function _SerialRead *****************
 Defined at:
		line 68 in file "Serial.c"
 Parameters:    Size  Location     Type
  receive         1    wreg     PTR unsigned char 
		 -> Interrupt@receive(1), 
 Auto vars:     Size  Location     Type
  receive         1    1[COMMON] PTR unsigned char 
		 -> Interrupt@receive(1), 
 Return value:  Size  Location     Type
                  1    wreg      unsigned char 
 Registers used:
		wreg, fsr0l, fsr0h
 Tracked objects:
		On entry : 
		On exit  : 
		Unchanged: 
 Data sizes:     COMMON   BANK0   BANK1   BANK2
      Params:         0       0       0       0
      Locals:         1       0       0       0
      Temps:          1       0       0       0
      Totals:         2       0       0       0
Total ram usage:        2 bytes
 Hardware stack levels used:    1
 This function calls:
		Nothing
 This function is called by:
		_Interrupt
 This function uses a non-reentrant model



MODULE INFORMATION

Module		Function		Class		Link	Load	Size
Serial.c
		_SerialRead    		CODE           	0081	0000	20
		_SerialBegin   		CODE           	006D	0000	21
		_print_char    		CODE           	0094	0000	11
		_println_string		CODE           	0013	0000	46

Serial.c estimated size: 98

shared
		__stringtab    		STRING         	0057	0000	7
		__initialization		CODE           	0011	0000	1

shared estimated size: 8

main.c
		_Interrupt     		CODE           	0040	0000	24
		_main          		CODE           	009E	0000	5

main.c estimated size: 29

