Microchip MPLAB XC8 Compiler V1.37 ()

Linker command line:

-W-3 --edf=C:\Program Files (x86)\Microchip\xc8\v1.37\dat\en_msgs.txt -cs \
  -h+dist/default/production\VoltageMeter.X.production.sym \
  --cmf=dist/default/production\VoltageMeter.X.production.cmf -z -Q16F628A \
  -oC:\Users\Marcos\AppData\Local\Temp\s4so.2 \
  -Mdist/default/production/VoltageMeter.X.production.map -E1 -ver=XC8 \
  -ASTACK=0134h-014fh -pstack=STACK -ACODE=00h-07FFh -ASTRCODE=00h-07FFh \
  -ASTRING=00h-0FFhx8 -ACONST=00h-0FFhx8 -AENTRY=00h-0FFhx8 \
  -ACOMMON=070h-07Fh -ABANK0=020h-06Fh -ABANK1=0A0h-0EFh \
  -ABANK2=0120h-014Fh -ARAM=020h-06Fh,0A0h-0EFh,0120h-014Fh \
  -AABS1=020h-07Fh,0A0h-0EFh,0120h-014Fh -ASFR0=00h-01Fh -ASFR1=080h-09Fh \
  -ASFR2=0100h-011Fh -ASFR3=0180h-01EFh \
  -preset_vec=00h,intentry=04h,init,end_init -ppowerup=CODE -pcinit=CODE \
  -pfunctab=CODE -ACONFIG=02007h-02007h -pconfig=CONFIG -DCONFIG=2 \
  -AIDLOC=02000h-02003h -pidloc=IDLOC -DIDLOC=2 -AEEDATA=00h-07Fh/02100h \
  -peeprom_data=EEDATA -DEEDATA=2 -DCODE=2 -DSTRCODE=2 -DSTRING=2 -DCONST=2 \
  -DENTRY=2 -k C:\Users\Marcos\AppData\Local\Temp\s4so.obj \
  dist/default/production\VoltageMeter.X.production.obj 

Object code version is 3.11

Machine type is 16F628A



                Name                               Link     Load   Length Selector   Space Scale
C:\Users\Marcos\AppData\Local\Temp\s4so.obj
                end_init                             10       10        1        8       0
                reset_vec                             0        0        1        0       0
                config                             2007     2007        1     400E       0
dist/default/production\VoltageMeter.X.production.obj
                cinit                                11       11       34        8       0
                intentry                              4        4        C        8       0
                text15                              5CE      5CE       5B        8       0
                text14                              629      629       4B        8       0
                text13                              571      571       5D        8       0
                text12                              409      409       8E        8       0
                text11                              505      505       6C        8       0
                text10                              284      284       CF        8       0
                text9                                45       45      16E        8       0
                text8                               497      497       6E        8       0
                text7                               1B3      1B3       D1        8       0
                text6                               748      748       23        8       0
                text5                               353      353       B6        8       0
                text4                               76B      76B       1C        8       0
                text3                               6AF      6AF       3A        8       0
                text2                               674      674       3B        8       0
                text1                               6E9      6E9       31        8       0
                maintext                            71A      71A       2E        8       0
                cstackBANK0                          20       20       36       20       1
                cstackCOMMON                         70       70        E       70       1
                cstackBANK1                          A0       A0       3F       A0       1
                dataBANK2                           120      120       14      120       1
                dataBANK0                            5D       5D        1       20       1
                bssBANK0                             56       56        4       20       1
                nvBANK0                              5A       5A        3       20       1
                idataBANK2                          787      787       14        8       0
                idataBANK0                          79B      79B        1        8       0

TOTAL           Name                               Link     Load   Length     Space
        CLASS   STACK          

        CLASS   CODE           
                end_init                             10       10        1         0
                cinit                                11       11       34         0
                intentry                              4        4        C         0
                reset_vec                             0        0        1         0
                text15                              5CE      5CE       5B         0
                text14                              629      629       4B         0
                text13                              571      571       5D         0
                text12                              409      409       8E         0
                text11                              505      505       6C         0
                text10                              284      284       CF         0
                text9                                45       45      16E         0
                text8                               497      497       6E         0
                text7                               1B3      1B3       D1         0
                text6                               748      748       23         0
                text5                               353      353       B6         0
                text4                               76B      76B       1C         0
                text3                               6AF      6AF       3A         0
                text2                               674      674       3B         0
                text1                               6E9      6E9       31         0
                maintext                            71A      71A       2E         0
                idataBANK2                          787      787       14         0
                idataBANK0                          79B      79B        1         0

        CLASS   STRCODE        

        CLASS   STRING         

        CLASS   CONST          

        CLASS   ENTRY          

        CLASS   COMMON         
                cstackCOMMON                         70       70        E         1

        CLASS   BANK0          
                cstackBANK0                          20       20       36         1
                dataBANK0                            5D       5D        1         1
                bssBANK0                             56       56        4         1
                nvBANK0                              5A       5A        3         1

        CLASS   BANK1          
                cstackBANK1                          A0       A0       3F         1

        CLASS   BANK2          
                dataBANK2                           120      120       14         1

        CLASS   RAM            

        CLASS   ABS1           
                abs_s1                               7E       7E        2         1

        CLASS   SFR0           

        CLASS   SFR1           

        CLASS   SFR2           

        CLASS   SFR3           

        CLASS   CONFIG         
                config                             2007     2007        1         0

        CLASS   IDLOC          

        CLASS   EEDATA         

        CLASS   BANK3          



SEGMENTS        Name                           Load    Length   Top    Selector   Space  Class     Delta

                reset_vec                      000000  000001  000001         0       0  CODE        2
                intentry                       000004  000798  00079C         8       0  CODE        2
                cstackBANK0                    000020  00003E  00005E        20       1  BANK0       1
                cstackCOMMON                   000070  00000E  00007E        70       1  COMMON      1
                cstackBANK1                    0000A0  00003F  0000DF        A0       1  BANK1       1
                dataBANK2                      000120  000014  000134       120       1  BANK2       1
                config                         002007  000001  002008      400E       0  CONFIG      2


UNUSED ADDRESS RANGES

        Name                Unused          Largest block    Delta
        BANK0            005E-006F             12           1
        BANK1            00DF-00EF             11           1
        BANK2            0134-014F             1C           1
        CODE             0001-0003              3           2
                         079C-07FF             64
        CONST            0001-0003              3           2
                         079C-07FF             64
        EEDATA           2100-217F             80           2
        ENTRY            0001-0003              3           2
                         079C-07FF             64
        IDLOC            2000-2003              4           2
        RAM              005E-006F             12           1
                         00DF-00EF             11
                         0134-014F             1C
        SFR0             0000-001F             20           1
        SFR1             0080-009F             20           1
        SFR2             0100-011F             20           1
        SFR3             0180-01EF             70           1
        STACK            0134-014F             1C           1
        STRCODE          0001-0003              3           2
                         079C-07FF             64
        STRING           0001-0003              3           2
                         079C-07FF             64

                                  Symbol Table

?___awdiv                cstackCOMMON 0077
?___awmod                cstackCOMMON 0070
?___awtoft               cstackBANK1  00A8
?___ftdiv                cstackBANK1  00B0
?___ftmul                cstackBANK1  00C9
?___ftpack               cstackBANK1  00A0
?___fttol                cstackBANK0  002A
?___lbtoft               cstackBANK1  00A8
?_averageADC             cstackBANK1  00C0
?_readADC                cstackBANK1  00D9
?i1___ftmul              cstackCOMMON 0078
?i1___ftpack             cstackCOMMON 0070
Interrupt@F619           dataBANK2    0120
Interrupt@number         cstackBANK0  0054
Interrupt@segments       cstackBANK0  0040
_CMCON                   (abs)        001F
_INTCONbits              (abs)        000B
_Interrupt               text9        0045
_OPTION_REGbits          (abs)        0081
_PORTB                   (abs)        0006
_RA0                     (abs)        0028
_RA1                     (abs)        0029
_RA2                     (abs)        002A
_RA3                     (abs)        002B
_RA6                     (abs)        002E
_RA7                     (abs)        002F
_TMR0                    (abs)        0001
_TRISA                   (abs)        0085
_TRISB                   (abs)        0086
__CFG_BOREN$ON           (abs)        0000
__CFG_CP$OFF             (abs)        0000
__CFG_CPD$OFF            (abs)        0000
__CFG_FOSC$INTOSCIO      (abs)        0000
__CFG_LVP$OFF            (abs)        0000
__CFG_MCLRE$OFF          (abs)        0000
__CFG_PWRTE$ON           (abs)        0000
__CFG_WDTE$OFF           (abs)        0000
__Habs1                  abs1         0000
__Hbank0                 bank0        0000
__Hbank1                 bank1        0000
__Hbank2                 bank2        0000
__Hbank3                 bank3        0000
__HbssBANK0              bssBANK0     0000
__Hcinit                 cinit        0045
__Hclrtext               clrtext      0000
__Hcode                  code         0000
__Hcommon                common       0000
__Hconfig                config       2008
__HcstackBANK0           cstackBANK0  0000
__HcstackBANK1           cstackBANK1  0000
__HcstackCOMMON          cstackCOMMON 0000
__HdataBANK0             dataBANK0    0000
__HdataBANK2             dataBANK2    0000
__Heeprom_data           eeprom_data  0000
__Hend_init              end_init     0011
__Hfunctab               functab      0000
__HidataBANK0            idataBANK0   0000
__HidataBANK2            idataBANK2   0000
__Hidloc                 idloc        0000
__Hinit                  init         0010
__Hintentry              intentry     0010
__Hmaintext              maintext     0000
__HnvBANK0               nvBANK0      0000
__Hpowerup               powerup      0000
__Hram                   ram          0000
__Hreset_vec             reset_vec    0001
__Hsfr0                  sfr0         0000
__Hsfr1                  sfr1         0000
__Hsfr2                  sfr2         0000
__Hsfr3                  sfr3         0000
__Hspace_0               (abs)        2008
__Hspace_1               (abs)        0134
__Hspace_2               (abs)        0000
__Hspace_3               (abs)        0000
__Hstack                 stack        0000
__Hstrings               strings      0000
__Htext                  text         0000
__Labs1                  abs1         0000
__Lbank0                 bank0        0000
__Lbank1                 bank1        0000
__Lbank2                 bank2        0000
__Lbank3                 bank3        0000
__LbssBANK0              bssBANK0     0000
__Lcinit                 cinit        0011
__Lclrtext               clrtext      0000
__Lcode                  code         0000
__Lcommon                common       0000
__Lconfig                config       2007
__LcstackBANK0           cstackBANK0  0000
__LcstackBANK1           cstackBANK1  0000
__LcstackCOMMON          cstackCOMMON 0000
__LdataBANK0             dataBANK0    0000
__LdataBANK2             dataBANK2    0000
__Leeprom_data           eeprom_data  0000
__Lend_init              end_init     0010
__Lfunctab               functab      0000
__LidataBANK0            idataBANK0   0000
__LidataBANK2            idataBANK2   0000
__Lidloc                 idloc        0000
__Linit                  init         0010
__Lintentry              intentry     0004
__Lmaintext              maintext     0000
__LnvBANK0               nvBANK0      0000
__Lpowerup               powerup      0000
__Lram                   ram          0000
__Lreset_vec             reset_vec    0000
__Lsfr0                  sfr0         0000
__Lsfr1                  sfr1         0000
__Lsfr2                  sfr2         0000
__Lsfr3                  sfr3         0000
__Lspace_0               (abs)        0000
__Lspace_1               (abs)        0000
__Lspace_2               (abs)        0000
__Lspace_3               (abs)        0000
__Lstack                 stack        0000
__Lstrings               strings      0000
__Ltext                  text         0000
__S0                     (abs)        2008
__S1                     (abs)        0134
__S2                     (abs)        0000
__S3                     (abs)        0000
___awdiv                 text15       05CE
___awdiv@counter         cstackBANK0  0020
___awdiv@dividend        cstackCOMMON 0079
___awdiv@divisor         cstackCOMMON 0077
___awdiv@quotient        cstackBANK0  0022
___awdiv@sign            cstackBANK0  0021
___awmod                 text14       0629
___awmod@counter         cstackCOMMON 0075
___awmod@dividend        cstackCOMMON 0072
___awmod@divisor         cstackCOMMON 0070
___awmod@sign            cstackCOMMON 0076
___awtoft                text6        0748
___awtoft@c              cstackBANK1  00A8
___awtoft@sign           cstackBANK1  00AD
___ftdiv                 text5        0353
___ftdiv@cntr            cstackBANK1  00BA
___ftdiv@exp             cstackBANK1  00BE
___ftdiv@f1              cstackBANK1  00B3
___ftdiv@f2              cstackBANK1  00B0
___ftdiv@f3              cstackBANK1  00BB
___ftdiv@sign            cstackBANK1  00BF
___ftge                  text13       0571
___ftge@ff1              cstackCOMMON 0070
___ftge@ff2              cstackCOMMON 0073
___ftmul                 text7        01B3
___ftmul@cntr            cstackBANK1  00D7
___ftmul@exp             cstackBANK1  00D3
___ftmul@f1              cstackBANK1  00C9
___ftmul@f2              cstackBANK1  00CC
___ftmul@f3_as_product   cstackBANK1  00D4
___ftmul@sign            cstackBANK1  00D8
___ftpack                text8        0497
___ftpack@arg            cstackBANK1  00A0
___ftpack@exp            cstackBANK1  00A3
___ftpack@sign           cstackBANK1  00A4
___fttol                 text12       0409
___fttol@exp1            cstackBANK0  0037
___fttol@f1              cstackBANK0  002A
___fttol@lval            cstackBANK0  0033
___fttol@sign1           cstackBANK0  0032
___int_sp                stack        0000
___latbits               (abs)        0000
___lbtoft                text4        076B
___lbtoft@c              cstackBANK1  00AF
___sp                    stack        0000
__end_of_Interrupt       text9        01B3
__end_of___awdiv         text15       0629
__end_of___awmod         text14       0674
__end_of___awtoft        text6        076B
__end_of___ftdiv         text5        0409
__end_of___ftge          text13       05CE
__end_of___ftmul         text7        0284
__end_of___ftpack        text8        0505
__end_of___fttol         text12       0497
__end_of___lbtoft        text4        0787
__end_of__initialization cinit        0043
__end_of_averageADC      text2        06AF
__end_of_main            maintext     0748
__end_of_readADC         text1        071A
__end_of_readSerial      text3        06E9
__end_ofi1___ftmul       text10       0353
__end_ofi1___ftpack      text11       0571
__initialization         cinit        0011
__pbssBANK0              bssBANK0     0056
__pcstackBANK0           cstackBANK0  0020
__pcstackBANK1           cstackBANK1  00A0
__pcstackCOMMON          cstackCOMMON 0070
__pdataBANK0             dataBANK0    005D
__pdataBANK2             dataBANK2    0120
__pidataBANK0            idataBANK0   079B
__pidataBANK2            idataBANK2   0787
__pintentry              intentry     0004
__pmaintext              maintext     071A
__pnvBANK0               nvBANK0      005A
__ptext1                 text1        06E9
__ptext10                text10       0284
__ptext11                text11       0505
__ptext12                text12       0409
__ptext13                text13       0571
__ptext14                text14       0629
__ptext15                text15       05CE
__ptext2                 text2        0674
__ptext3                 text3        06AF
__ptext4                 text4        076B
__ptext5                 text5        0353
__ptext6                 text6        0748
__ptext7                 text7        01B3
__ptext8                 text8        0497
__ptext9                 text9        0045
__size_of_Interrupt      (abs)        0000
__size_of___awdiv        (abs)        0000
__size_of___awmod        (abs)        0000
__size_of___awtoft       (abs)        0000
__size_of___ftdiv        (abs)        0000
__size_of___ftge         (abs)        0000
__size_of___ftmul        (abs)        0000
__size_of___ftpack       (abs)        0000
__size_of___fttol        (abs)        0000
__size_of___lbtoft       (abs)        0000
__size_of_averageADC     (abs)        0000
__size_of_main           (abs)        0000
__size_of_readADC        (abs)        0000
__size_of_readSerial     (abs)        0000
__size_ofi1___ftmul      (abs)        0000
__size_ofi1___ftpack     (abs)        0000
_averageADC              text2        0674
_cen                     bssBANK0     0056
_controle                dataBANK0    005D
_counter                 bssBANK0     0057
_dez                     bssBANK0     0058
_main                    maintext     071A
_readADC                 text1        06E9
_readADC$521             cstackBANK1  00DC
_readSerial              text3        06AF
_uni                     bssBANK0     0059
_value                   nvBANK0      005A
averageADC@i             cstackBANK1  00C7
averageADC@qnt           cstackBANK1  00C8
averageADC@readings      cstackBANK1  00C5
btemp                    (abs)        007E
end_of_initialization    cinit        0043
i1___ftmul               text10       0284
i1___ftmul@cntr          cstackBANK0  0028
i1___ftmul@exp           cstackBANK0  0024
i1___ftmul@f1            cstackCOMMON 0078
i1___ftmul@f2            cstackCOMMON 007B
i1___ftmul@f3_as_product cstackBANK0  0025
i1___ftmul@sign          cstackBANK0  0029
i1___ftpack              text11       0505
i1___ftpack@arg          cstackCOMMON 0070
i1___ftpack@exp          cstackCOMMON 0073
i1___ftpack@sign         cstackCOMMON 0074
interrupt_function       intentry     0004
intlevel0                functab      0000
intlevel1                functab      0000
intlevel2                functab      0000
intlevel3                functab      0000
intlevel4                functab      0000
intlevel5                functab      0000
ltemp                    (abs)        007E
ltemp0                   (abs)        007E
ltemp1                   (abs)        0082
ltemp2                   (abs)        0086
ltemp3                   (abs)        0080
readSerial@i             cstackBANK1  00A3
readSerial@valueADC      cstackBANK1  00A2
reset_vec                reset_vec    0000
saved_w                  (abs)        007E
stackhi                  (abs)        0000
stacklo                  (abs)        0000
start                    init         0010
start_initialization     cinit        0011
ttemp                    (abs)        007E
ttemp0                   (abs)        007E
ttemp1                   (abs)        0081
ttemp2                   (abs)        0084
ttemp3                   (abs)        0087
ttemp4                   (abs)        007F
wtemp                    (abs)        007E
wtemp0                   (abs)        007E
wtemp1                   (abs)        0080
wtemp2                   (abs)        0082
wtemp3                   (abs)        0084
wtemp4                   (abs)        0086
wtemp5                   (abs)        0088
wtemp6                   (abs)        007F


FUNCTION INFORMATION:

 *************** function _main *****************
 Defined at:
		line 137 in file "main.c"
 Parameters:    Size  Location     Type
		None
 Auto vars:     Size  Location     Type
		None
 Return value:  Size  Location     Type
                  1    wreg      void 
 Registers used:
		wreg, status,2, status,0, pclath, cstack
 Tracked objects:
		On entry : 
		On exit  : 
		Unchanged: 
 Data sizes:     COMMON   BANK0   BANK1   BANK2
      Params:         0       0       0       0
      Locals:         0       0       0       0
      Temps:          0       0       0       0
      Totals:         0       0       0       0
Total ram usage:        0 bytes
 Hardware stack levels required when called:    7
 This function calls:
		_readADC
 This function is called by:
		Startup code after reset
 This function uses a non-reentrant model


 *************** function _readADC *****************
 Defined at:
		line 194 in file "main.c"
 Parameters:    Size  Location     Type
		None
 Auto vars:     Size  Location     Type
		None
 Return value:  Size  Location     Type
                  3   57[BANK1 ] float 
 Registers used:
		wreg, status,2, status,0, pclath, cstack
 Tracked objects:
		On entry : 
		On exit  : 
		Unchanged: 
 Data sizes:     COMMON   BANK0   BANK1   BANK2
      Params:         0       0       3       0
      Locals:         0       0       3       0
      Temps:          0       0       0       0
      Totals:         0       0       6       0
Total ram usage:        6 bytes
 Hardware stack levels used:    1
 Hardware stack levels required when called:    6
 This function calls:
		___ftdiv
		___ftmul
		_averageADC
 This function is called by:
		_main
 This function uses a non-reentrant model


 *************** function _averageADC *****************
 Defined at:
		line 188 in file "main.c"
 Parameters:    Size  Location     Type
  qnt             1    wreg     unsigned char 
 Auto vars:     Size  Location     Type
  qnt             1   40[BANK1 ] unsigned char 
  i               1   39[BANK1 ] unsigned char 
  readings        2   37[BANK1 ] int 
 Return value:  Size  Location     Type
                  3   32[BANK1 ] float 
 Registers used:
		wreg, status,2, status,0, pclath, cstack
 Tracked objects:
		On entry : 
		On exit  : 
		Unchanged: 
 Data sizes:     COMMON   BANK0   BANK1   BANK2
      Params:         0       0       3       0
      Locals:         0       0       4       0
      Temps:          0       0       2       0
      Totals:         0       0       9       0
Total ram usage:        9 bytes
 Hardware stack levels used:    1
 Hardware stack levels required when called:    5
 This function calls:
		___awtoft
		___ftdiv
		___lbtoft
		_readSerial
 This function is called by:
		_readADC
 This function uses a non-reentrant model


 *************** function _readSerial *****************
 Defined at:
		line 169 in file "main.c"
 Parameters:    Size  Location     Type
		None
 Auto vars:     Size  Location     Type
  i               2    3[BANK1 ] int 
  valueADC        1    2[BANK1 ] unsigned char 
 Return value:  Size  Location     Type
                  1    wreg      unsigned char 
 Registers used:
		wreg, status,2, status,0
 Tracked objects:
		On entry : 
		On exit  : 
		Unchanged: 
 Data sizes:     COMMON   BANK0   BANK1   BANK2
      Params:         0       0       0       0
      Locals:         0       0       3       0
      Temps:          0       0       2       0
      Totals:         0       0       5       0
Total ram usage:        5 bytes
 Hardware stack levels used:    1
 Hardware stack levels required when called:    3
 This function calls:
		Nothing
 This function is called by:
		_averageADC
 This function uses a non-reentrant model


 *************** function ___lbtoft *****************
 Defined at:
		line 27 in file "C:\Program Files (x86)\Microchip\xc8\v1.37\sources\common\lbtoft.c"
 Parameters:    Size  Location     Type
  c               1    wreg     unsigned char 
 Auto vars:     Size  Location     Type
  c               1   15[BANK1 ] unsigned char 
 Return value:  Size  Location     Type
                  3    8[BANK1 ] float 
 Registers used:
		wreg, status,2, status,0, pclath, cstack
 Tracked objects:
		On entry : 
		On exit  : 
		Unchanged: 
 Data sizes:     COMMON   BANK0   BANK1   BANK2
      Params:         0       0       3       0
      Locals:         0       0       1       0
      Temps:          0       0       4       0
      Totals:         0       0       8       0
Total ram usage:        8 bytes
 Hardware stack levels used:    1
 Hardware stack levels required when called:    4
 This function calls:
		___ftpack
 This function is called by:
		_averageADC
 This function uses a non-reentrant model


 *************** function ___ftdiv *****************
 Defined at:
		line 56 in file "C:\Program Files (x86)\Microchip\xc8\v1.37\sources\common\ftdiv.c"
 Parameters:    Size  Location     Type
  f2              3   16[BANK1 ] float 
  f1              3   19[BANK1 ] float 
 Auto vars:     Size  Location     Type
  f3              3   27[BANK1 ] float 
  sign            1   31[BANK1 ] unsigned char 
  exp             1   30[BANK1 ] unsigned char 
  cntr            1   26[BANK1 ] unsigned char 
 Return value:  Size  Location     Type
                  3   16[BANK1 ] float 
 Registers used:
		wreg, status,2, status,0, pclath, cstack
 Tracked objects:
		On entry : 
		On exit  : 
		Unchanged: 
 Data sizes:     COMMON   BANK0   BANK1   BANK2
      Params:         0       0       6       0
      Locals:         0       0       6       0
      Temps:          0       0       4       0
      Totals:         0       0      16       0
Total ram usage:       16 bytes
 Hardware stack levels used:    1
 Hardware stack levels required when called:    4
 This function calls:
		___ftpack
 This function is called by:
		_averageADC
		_readADC
 This function uses a non-reentrant model


 *************** function ___awtoft *****************
 Defined at:
		line 32 in file "C:\Program Files (x86)\Microchip\xc8\v1.37\sources\common\awtoft.c"
 Parameters:    Size  Location     Type
  c               2    8[BANK1 ] int 
 Auto vars:     Size  Location     Type
  sign            1   13[BANK1 ] unsigned char 
 Return value:  Size  Location     Type
                  3    8[BANK1 ] float 
 Registers used:
		wreg, status,2, status,0, pclath, cstack
 Tracked objects:
		On entry : 
		On exit  : 
		Unchanged: 
 Data sizes:     COMMON   BANK0   BANK1   BANK2
      Params:         0       0       3       0
      Locals:         0       0       1       0
      Temps:          0       0       2       0
      Totals:         0       0       6       0
Total ram usage:        6 bytes
 Hardware stack levels used:    1
 Hardware stack levels required when called:    4
 This function calls:
		___ftpack
 This function is called by:
		_averageADC
 This function uses a non-reentrant model


 *************** function ___ftmul *****************
 Defined at:
		line 62 in file "C:\Program Files (x86)\Microchip\xc8\v1.37\sources\common\ftmul.c"
 Parameters:    Size  Location     Type
  f1              3   41[BANK1 ] float 
  f2              3   44[BANK1 ] float 
 Auto vars:     Size  Location     Type
  f3_as_produc    3   52[BANK1 ] unsigned um
  sign            1   56[BANK1 ] unsigned char 
  cntr            1   55[BANK1 ] unsigned char 
  exp             1   51[BANK1 ] unsigned char 
 Return value:  Size  Location     Type
                  3   41[BANK1 ] float 
 Registers used:
		wreg, status,2, status,0, pclath, cstack
 Tracked objects:
		On entry : 
		On exit  : 
		Unchanged: 
 Data sizes:     COMMON   BANK0   BANK1   BANK2
      Params:         0       0       6       0
      Locals:         0       0       6       0
      Temps:          0       0       4       0
      Totals:         0       0      16       0
Total ram usage:       16 bytes
 Hardware stack levels used:    1
 Hardware stack levels required when called:    4
 This function calls:
		___ftpack
 This function is called by:
		_readADC
 This function uses a non-reentrant model


 *************** function ___ftpack *****************
 Defined at:
		line 62 in file "C:\Program Files (x86)\Microchip\xc8\v1.37\sources\common\float.c"
 Parameters:    Size  Location     Type
  arg             3    0[BANK1 ] unsigned um
  exp             1    3[BANK1 ] unsigned char 
  sign            1    4[BANK1 ] unsigned char 
 Auto vars:     Size  Location     Type
		None
 Return value:  Size  Location     Type
                  3    0[BANK1 ] float 
 Registers used:
		wreg, status,2, status,0
 Tracked objects:
		On entry : 
		On exit  : 
		Unchanged: 
 Data sizes:     COMMON   BANK0   BANK1   BANK2
      Params:         0       0       5       0
      Locals:         0       0       0       0
      Temps:          0       0       3       0
      Totals:         0       0       8       0
Total ram usage:        8 bytes
 Hardware stack levels used:    1
 Hardware stack levels required when called:    3
 This function calls:
		Nothing
 This function is called by:
		___awtoft
		___ftdiv
		___ftmul
		___lbtoft
 This function uses a non-reentrant model


 *************** function _Interrupt *****************
 Defined at:
		line 53 in file "main.c"
 Parameters:    Size  Location     Type
		None
 Auto vars:     Size  Location     Type
  segments       20   32[BANK0 ] int [10]
  number          2   52[BANK0 ] int 
 Return value:  Size  Location     Type
                  1    wreg      void 
 Registers used:
		wreg, fsr0l, fsr0h, status,2, status,0, pclath, cstack
 Tracked objects:
		On entry : 
		On exit  : 
		Unchanged: 
 Data sizes:     COMMON   BANK0   BANK1   BANK2
      Params:         0       0       0       0
      Locals:         0      22       0       0
      Temps:          0       8       0       0
      Totals:         0      30       0       0
Total ram usage:       30 bytes
 Hardware stack levels used:    1
 Hardware stack levels required when called:    2
 This function calls:
		___awdiv
		___awmod
		___ftge
		___fttol
		i1___ftmul
 This function is called by:
		Interrupt level 1
 This function uses a non-reentrant model


 *************** function i1___ftmul *****************
 Defined at:
		line 62 in file "C:\Program Files (x86)\Microchip\xc8\v1.37\sources\common\ftmul.c"
 Parameters:    Size  Location     Type
  f1              3    8[COMMON] float 
  f2              3   11[COMMON] float 
 Auto vars:     Size  Location     Type
  __ftmul         3    5[BANK0 ] unsigned um
  __ftmul         1    9[BANK0 ] unsigned char 
  __ftmul         1    8[BANK0 ] unsigned char 
  __ftmul         1    4[BANK0 ] unsigned char 
 Return value:  Size  Location     Type
                  3    8[COMMON] float 
 Registers used:
		wreg, status,2, status,0, pclath, cstack
 Tracked objects:
		On entry : 
		On exit  : 
		Unchanged: 
 Data sizes:     COMMON   BANK0   BANK1   BANK2
      Params:         6       0       0       0
      Locals:         0       6       0       0
      Temps:          0       4       0       0
      Totals:         6      10       0       0
Total ram usage:       16 bytes
 Hardware stack levels used:    1
 Hardware stack levels required when called:    1
 This function calls:
		i1___ftpack
 This function is called by:
		_Interrupt
 This function uses a non-reentrant model


 *************** function i1___ftpack *****************
 Defined at:
		line 62 in file "C:\Program Files (x86)\Microchip\xc8\v1.37\sources\common\float.c"
 Parameters:    Size  Location     Type
  arg             3    0[COMMON] unsigned um
  exp             1    3[COMMON] unsigned char 
  sign            1    4[COMMON] unsigned char 
 Auto vars:     Size  Location     Type
		None
 Return value:  Size  Location     Type
                  3    0[COMMON] float 
 Registers used:
		wreg, status,2, status,0
 Tracked objects:
		On entry : 
		On exit  : 
		Unchanged: 
 Data sizes:     COMMON   BANK0   BANK1   BANK2
      Params:         5       0       0       0
      Locals:         0       0       0       0
      Temps:          3       0       0       0
      Totals:         8       0       0       0
Total ram usage:        8 bytes
 Hardware stack levels used:    1
 This function calls:
		Nothing
 This function is called by:
		i1___ftmul
 This function uses a non-reentrant model


 *************** function ___fttol *****************
 Defined at:
		line 44 in file "C:\Program Files (x86)\Microchip\xc8\v1.37\sources\common\fttol.c"
 Parameters:    Size  Location     Type
  f1              3   10[BANK0 ] float 
 Auto vars:     Size  Location     Type
  lval            4   19[BANK0 ] unsigned long 
  exp1            1   23[BANK0 ] unsigned char 
  sign1           1   18[BANK0 ] unsigned char 
 Return value:  Size  Location     Type
                  4   10[BANK0 ] long 
 Registers used:
		wreg, status,2, status,0
 Tracked objects:
		On entry : 
		On exit  : 
		Unchanged: 
 Data sizes:     COMMON   BANK0   BANK1   BANK2
      Params:         0       4       0       0
      Locals:         0       6       0       0
      Temps:          0       4       0       0
      Totals:         0      14       0       0
Total ram usage:       14 bytes
 Hardware stack levels used:    1
 This function calls:
		Nothing
 This function is called by:
		_Interrupt
 This function uses a non-reentrant model


 *************** function ___ftge *****************
 Defined at:
		line 4 in file "C:\Program Files (x86)\Microchip\xc8\v1.37\sources\common\ftge.c"
 Parameters:    Size  Location     Type
  ff1             3    0[COMMON] float 
  ff2             3    3[COMMON] float 
 Auto vars:     Size  Location     Type
		None
 Return value:  Size  Location     Type
		None               void
 Registers used:
		wreg, status,2, status,0
 Tracked objects:
		On entry : 
		On exit  : 
		Unchanged: 
 Data sizes:     COMMON   BANK0   BANK1   BANK2
      Params:         6       0       0       0
      Locals:         0       0       0       0
      Temps:          6       0       0       0
      Totals:        12       0       0       0
Total ram usage:       12 bytes
 Hardware stack levels used:    1
 This function calls:
		Nothing
 This function is called by:
		_Interrupt
 This function uses a non-reentrant model


 *************** function ___awmod *****************
 Defined at:
		line 6 in file "C:\Program Files (x86)\Microchip\xc8\v1.37\sources\common\awmod.c"
 Parameters:    Size  Location     Type
  divisor         2    0[COMMON] int 
  dividend        2    2[COMMON] int 
 Auto vars:     Size  Location     Type
  sign            1    6[COMMON] unsigned char 
  counter         1    5[COMMON] unsigned char 
 Return value:  Size  Location     Type
                  2    0[COMMON] int 
 Registers used:
		wreg, status,2, status,0
 Tracked objects:
		On entry : 
		On exit  : 
		Unchanged: 
 Data sizes:     COMMON   BANK0   BANK1   BANK2
      Params:         4       0       0       0
      Locals:         2       0       0       0
      Temps:          1       0       0       0
      Totals:         7       0       0       0
Total ram usage:        7 bytes
 Hardware stack levels used:    1
 This function calls:
		Nothing
 This function is called by:
		_Interrupt
 This function uses a non-reentrant model


 *************** function ___awdiv *****************
 Defined at:
		line 6 in file "C:\Program Files (x86)\Microchip\xc8\v1.37\sources\common\awdiv.c"
 Parameters:    Size  Location     Type
  divisor         2    7[COMMON] int 
  dividend        2    9[COMMON] int 
 Auto vars:     Size  Location     Type
  quotient        2    2[BANK0 ] int 
  sign            1    1[BANK0 ] unsigned char 
  counter         1    0[BANK0 ] unsigned char 
 Return value:  Size  Location     Type
                  2    7[COMMON] int 
 Registers used:
		wreg, status,2, status,0
 Tracked objects:
		On entry : 
		On exit  : 
		Unchanged: 
 Data sizes:     COMMON   BANK0   BANK1   BANK2
      Params:         4       0       0       0
      Locals:         0       4       0       0
      Temps:          1       0       0       0
      Totals:         5       4       0       0
Total ram usage:        9 bytes
 Hardware stack levels used:    1
 This function calls:
		Nothing
 This function is called by:
		_Interrupt
 This function uses a non-reentrant model



MODULE INFORMATION

Module		Function		Class		Link	Load	Size
C:\Program Files (x86)\Microchip\xc8\v1.37\sources\common\ftdiv.c
		___ftdiv       		CODE           	0353	0000	183

C:\Program Files (x86)\Microchip\xc8\v1.37\sources\common\ftdiv.c estimated size: 183

C:\Program Files (x86)\Microchip\xc8\v1.37\sources\common\ftge.c
		___ftge        		CODE           	0571	0000	94

C:\Program Files (x86)\Microchip\xc8\v1.37\sources\common\ftge.c estimated size: 94

C:\Program Files (x86)\Microchip\xc8\v1.37\sources\common\fttol.c
		___fttol       		CODE           	0409	0000	143

C:\Program Files (x86)\Microchip\xc8\v1.37\sources\common\fttol.c estimated size: 143

C:\Program Files (x86)\Microchip\xc8\v1.37\sources\common\awdiv.c
		___awdiv       		CODE           	05CE	0000	92

C:\Program Files (x86)\Microchip\xc8\v1.37\sources\common\awdiv.c estimated size: 92

shared
		i1___ftmul     		CODE           	0284	0000	208
		i1___ftpack    		CODE           	0505	0000	109
		__initialization		CODE           	0011	0000	51

shared estimated size: 368

C:\Program Files (x86)\Microchip\xc8\v1.37\sources\common\awtoft.c
		___awtoft      		CODE           	0748	0000	36

C:\Program Files (x86)\Microchip\xc8\v1.37\sources\common\awtoft.c estimated size: 36

C:\Program Files (x86)\Microchip\xc8\v1.37\sources\common\lbtoft.c
		___lbtoft      		CODE           	076B	0000	29

C:\Program Files (x86)\Microchip\xc8\v1.37\sources\common\lbtoft.c estimated size: 29

C:\Program Files (x86)\Microchip\xc8\v1.37\sources\common\float.c
		___ftpack      		CODE           	0497	0000	111

C:\Program Files (x86)\Microchip\xc8\v1.37\sources\common\float.c estimated size: 111

main.c
		_Interrupt     		CODE           	0045	0000	367
		_main          		CODE           	071A	0000	47
		_averageADC    		CODE           	0674	0000	60
		_readSerial    		CODE           	06AF	0000	59
		_readADC       		CODE           	06E9	0000	50

main.c estimated size: 583

C:\Program Files (x86)\Microchip\xc8\v1.37\sources\common\ftmul.c
		___ftmul       		CODE           	01B3	0000	210

C:\Program Files (x86)\Microchip\xc8\v1.37\sources\common\ftmul.c estimated size: 210

C:\Program Files (x86)\Microchip\xc8\v1.37\sources\common\awmod.c
		___awmod       		CODE           	0629	0000	76

C:\Program Files (x86)\Microchip\xc8\v1.37\sources\common\awmod.c estimated size: 76

